2025-05-18 06:20:05 - Script started
2025-05-18 06:20:05 - DB connected
2025-05-18 06:20:05 - Found 0 appointments
2025-05-18 06:20:05 - Response sent successfully
2025-05-18 06:23:12 - Script started
2025-05-18 06:23:12 - DB connected
2025-05-18 06:23:12 - Found 0 appointments
2025-05-18 06:23:12 - Response sent successfully
2025-05-18 06:27:03 - Script started
2025-05-18 06:27:03 - DB connected
2025-05-18 06:27:03 - Found 0 appointments
2025-05-18 06:27:03 - Response sent successfully
2025-05-18 06:30:50 - Script started
2025-05-18 06:30:50 - DB connected
2025-05-18 06:30:50 - Found 0 appointments
2025-05-18 06:30:50 - Response sent successfully
2025-05-18 06:33:17 - Script started
2025-05-18 06:33:17 - DB connected
2025-05-18 06:33:17 - Found 0 appointments
2025-05-18 06:33:17 - Response sent successfully
2025-05-18 06:49:35 - Script started
2025-05-18 06:49:35 - DB connected
2025-05-18 06:49:35 - Found 0 appointments
2025-05-18 06:49:35 - Response sent successfully
2025-05-18 06:50:20 - Script started
2025-05-18 06:50:20 - DB connected
2025-05-18 06:50:20 - Found 0 appointments
2025-05-18 06:50:20 - Response sent successfully
2025-05-18 06:53:01 - Script started
2025-05-18 06:53:01 - DB connected
2025-05-18 06:53:01 - Found 0 appointments
2025-05-18 06:53:01 - Response sent successfully
2025-05-18 07:12:24 - Script started
2025-05-18 07:12:24 - DB connected
2025-05-18 07:12:24 - Found 0 appointments
2025-05-18 07:12:24 - Response sent successfully
2025-05-18 07:23:15 - Script started
2025-05-18 07:23:15 - DB connected
2025-05-18 07:23:15 - Found 0 appointments
2025-05-18 07:23:15 - Response sent successfully
2025-05-18 07:24:06 - Script started
2025-05-18 07:24:06 - DB connected
2025-05-18 07:24:06 - Found 0 appointments
2025-05-18 07:24:06 - Response sent successfully
2025-05-18 07:29:38 - Script started
2025-05-18 07:29:38 - DB connected
2025-05-18 07:29:38 - Found 0 appointments
2025-05-18 07:29:38 - Response sent successfully
2025-05-18 07:33:17 - Script started
2025-05-18 07:33:17 - DB connected
2025-05-18 07:33:17 - Found 0 appointments
2025-05-18 07:33:17 - Response sent successfully
2025-05-18 07:33:20 - Script started
2025-05-18 07:33:20 - DB connected
2025-05-18 07:33:20 - Found 0 appointments
2025-05-18 07:33:20 - Response sent successfully
2025-05-18 07:33:23 - Script started
2025-05-18 07:33:23 - DB connected
2025-05-18 07:33:23 - Found 0 appointments
2025-05-18 07:33:23 - Response sent successfully
2025-05-18 08:39:50 - Script started
2025-05-18 08:39:50 - DB connected
2025-05-18 08:39:50 - Found 0 appointments
2025-05-18 08:39:50 - Response sent successfully
2025-05-18 08:40:07 - Script started
2025-05-18 08:40:07 - DB connected
2025-05-18 08:40:07 - Found 0 appointments
2025-05-18 08:40:07 - Response sent successfully
2025-05-18 08:40:12 - Script started
2025-05-18 08:40:12 - DB connected
2025-05-18 08:40:12 - Found 0 appointments
2025-05-18 08:40:12 - Response sent successfully
2025-05-18 08:40:45 - Script started
2025-05-18 08:40:45 - DB connected
2025-05-18 08:40:45 - Found 0 appointments
2025-05-18 08:40:45 - Response sent successfully
2025-05-18 09:06:07 - Script started
2025-05-18 09:06:07 - DB connected
2025-05-18 09:06:07 - Found 0 appointments
2025-05-18 09:06:07 - Response sent successfully
2025-05-18 09:42:21 - Script started
2025-05-18 09:42:21 - DB connected
2025-05-18 09:42:21 - Found 0 appointments
2025-05-18 09:42:21 - Response sent successfully
2025-05-18 09:52:32 - Script started
2025-05-18 09:52:32 - DB connected
2025-05-18 09:52:32 - Found 0 appointments
2025-05-18 09:52:32 - Response sent successfully
2025-05-18 09:52:47 - Script started
2025-05-18 09:52:47 - DB connected
2025-05-18 09:52:47 - Found 0 appointments
2025-05-18 09:52:47 - Response sent successfully
2025-05-18 12:03:57 - Script started
2025-05-18 12:03:57 - DB connected
2025-05-18 12:03:57 - Found 0 appointments
2025-05-18 12:03:57 - Response sent successfully
2025-05-18 12:05:09 - Script started
2025-05-18 12:05:09 - DB connected
2025-05-18 12:05:09 - Found 0 appointments
2025-05-18 12:05:09 - Response sent successfully
2025-05-18 12:06:33 - Script started
2025-05-18 12:06:33 - DB connected
2025-05-18 12:06:33 - Found 0 appointments
2025-05-18 12:06:33 - Response sent successfully
2025-05-18 12:06:43 - Script started
2025-05-18 12:06:43 - DB connected
2025-05-18 12:06:43 - Found 0 appointments
2025-05-18 12:06:43 - Response sent successfully
2025-05-18 12:37:27 - Script started
2025-05-18 12:37:27 - DB connected
2025-05-18 12:37:27 - Found 0 appointments
2025-05-18 12:37:27 - Response sent successfully
2025-05-18 12:42:03 - Script started
2025-05-18 12:42:03 - DB connected
2025-05-18 12:42:03 - Found 0 appointments
2025-05-18 12:42:03 - Response sent successfully
2025-05-18 12:42:27 - Script started
2025-05-18 12:42:27 - DB connected
2025-05-18 12:42:27 - Found 0 appointments
2025-05-18 12:42:27 - Response sent successfully
2025-05-18 12:42:34 - Script started
2025-05-18 12:42:34 - DB connected
2025-05-18 12:42:34 - Found 0 appointments
2025-05-18 12:42:34 - Response sent successfully
2025-05-18 12:43:35 - Script started
2025-05-18 12:43:35 - DB connected
2025-05-18 12:43:35 - Found 0 appointments
2025-05-18 12:43:35 - Response sent successfully
2025-05-18 12:48:49 - Script started
2025-05-18 12:48:49 - DB connected
2025-05-18 12:48:49 - Found 0 appointments
2025-05-18 12:48:49 - Response sent successfully
2025-05-18 12:50:04 - Script started
2025-05-18 12:50:04 - DB connected
2025-05-18 12:50:04 - Found 0 appointments
2025-05-18 12:50:04 - Response sent successfully
2025-05-18 12:53:19 - Script started
2025-05-18 12:53:19 - DB connected
2025-05-18 12:53:19 - Found 0 appointments
2025-05-18 12:53:19 - Response sent successfully
2025-05-18 12:53:49 - Script started
2025-05-18 12:53:49 - DB connected
2025-05-18 12:53:49 - Found 0 appointments
2025-05-18 12:53:49 - Response sent successfully
2025-05-18 12:59:10 - Script started
2025-05-18 12:59:10 - DB connected
2025-05-18 12:59:10 - Found 0 appointments
2025-05-18 12:59:10 - Response sent successfully
2025-05-18 13:04:00 - Script started
2025-05-18 13:04:00 - DB connected
2025-05-18 13:04:00 - Found 0 appointments
2025-05-18 13:04:00 - Response sent successfully
2025-05-18 13:04:01 - Script started
2025-05-18 13:04:01 - DB connected
2025-05-18 13:04:01 - Found 0 appointments
2025-05-18 13:04:01 - Response sent successfully
2025-05-18 13:05:20 - Script started
2025-05-18 13:05:20 - DB connected
2025-05-18 13:05:20 - Found 0 appointments
2025-05-18 13:05:20 - Response sent successfully
2025-05-18 13:05:22 - Script started
2025-05-18 13:05:22 - DB connected
2025-05-18 13:05:22 - Found 0 appointments
2025-05-18 13:05:22 - Response sent successfully
2025-05-18 13:05:24 - Script started
2025-05-18 13:05:24 - DB connected
2025-05-18 13:05:24 - Found 0 appointments
2025-05-18 13:05:24 - Response sent successfully
2025-05-18 13:33:25 - Script started
2025-05-18 13:33:25 - DB connected
2025-05-18 13:33:25 - Found 0 appointments
2025-05-18 13:33:25 - Response sent successfully
2025-05-18 13:37:23 - Script started
2025-05-18 13:37:23 - DB connected
2025-05-18 13:37:23 - Found 0 appointments
2025-05-18 13:37:23 - Response sent successfully
2025-05-18 13:37:28 - Script started
2025-05-18 13:37:28 - DB connected
2025-05-18 13:37:28 - Found 0 appointments
2025-05-18 13:37:28 - Response sent successfully
2025-05-18 14:10:04 - Script started
2025-05-18 14:10:04 - DB connected
2025-05-18 14:10:04 - Found 1 appointments
2025-05-18 14:10:04 - Response sent successfully
2025-05-18 14:11:48 - Script started
2025-05-18 14:11:48 - DB connected
2025-05-18 14:11:48 - Found 1 appointments
2025-05-18 14:11:48 - Response sent successfully
2025-05-18 14:44:17 - Script started
2025-05-18 14:44:17 - DB connected
2025-05-18 14:44:17 - Found 1 appointments
2025-05-18 14:44:17 - Response sent successfully
2025-05-18 15:35:09 - Script started
2025-05-18 15:35:09 - DB connected
2025-05-18 15:35:09 - Found 1 appointments
2025-05-18 15:35:09 - Response sent successfully
2025-05-18 15:43:37 - Script started
2025-05-18 15:43:37 - DB connected
2025-05-18 15:43:37 - Found 1 appointments
2025-05-18 15:43:37 - Response sent successfully
2025-05-18 15:43:49 - Script started
2025-05-18 15:43:49 - DB connected
2025-05-18 15:43:49 - Found 1 appointments
2025-05-18 15:43:49 - Response sent successfully
2025-05-18 15:48:41 - Script started
2025-05-18 15:48:41 - DB connected
2025-05-18 15:48:41 - Found 1 appointments
2025-05-18 15:48:41 - Response sent successfully
2025-05-18 16:18:46 - Script started
2025-05-18 16:18:46 - DB connected
2025-05-18 16:18:46 - Found 1 appointments
2025-05-18 16:18:46 - Response sent successfully
2025-05-18 16:42:37 - Script started
2025-05-18 16:42:37 - DB connected
2025-05-18 16:42:37 - Found 1 appointments
2025-05-18 16:42:37 - Response sent successfully
2025-05-18 17:05:45 - Script started
2025-05-18 17:05:45 - DB connected
2025-05-18 17:05:45 - Found 1 appointments
2025-05-18 17:05:45 - Response sent successfully
2025-05-18 17:05:51 - Script started
2025-05-18 17:05:51 - DB connected
2025-05-18 17:05:51 - Found 1 appointments
2025-05-18 17:05:51 - Response sent successfully
2025-05-18 17:05:54 - Script started
2025-05-18 17:05:54 - DB connected
2025-05-18 17:05:54 - Found 1 appointments
2025-05-18 17:05:54 - Response sent successfully
2025-05-18 17:05:57 - Script started
2025-05-18 17:05:57 - DB connected
2025-05-18 17:05:57 - Found 1 appointments
2025-05-18 17:05:57 - Response sent successfully
2025-05-18 17:38:28 - Script started
2025-05-18 17:38:28 - DB connected
2025-05-18 17:38:28 - Found 1 appointments
2025-05-18 17:38:28 - Response sent successfully
2025-05-18 18:19:20 - Script started
2025-05-18 18:19:20 - DB connected
2025-05-18 18:19:20 - Found 1 appointments
2025-05-18 18:19:20 - Response sent successfully
2025-05-18 18:19:29 - Script started
2025-05-18 18:19:29 - DB connected
2025-05-18 18:19:29 - Found 1 appointments
2025-05-18 18:19:29 - Response sent successfully
2025-05-18 19:34:24 - Script started
2025-05-18 19:34:24 - DB connected
2025-05-18 19:34:24 - Found 1 appointments
2025-05-18 19:34:24 - Response sent successfully
2025-05-18 21:41:23 - Script started
2025-05-18 21:41:23 - DB connected
2025-05-18 21:41:23 - Found 1 appointments
2025-05-18 21:41:23 - Response sent successfully
2025-05-18 21:41:25 - Script started
2025-05-18 21:41:25 - DB connected
2025-05-18 21:41:25 - Found 1 appointments
2025-05-18 21:41:25 - Response sent successfully
2025-05-19 05:46:25 - Script started
2025-05-19 05:46:25 - DB connected
2025-05-19 05:46:25 - Found 2 appointments
2025-05-19 05:46:25 - Response sent successfully
2025-05-19 05:48:08 - Script started
2025-05-19 05:48:08 - DB connected
2025-05-19 05:48:08 - Found 2 appointments
2025-05-19 05:48:08 - Response sent successfully
2025-05-19 06:05:08 - Script started
2025-05-19 06:05:08 - DB connected
2025-05-19 06:05:08 - Found 2 appointments
2025-05-19 06:05:08 - Response sent successfully
2025-05-19 06:16:08 - Script started
2025-05-19 06:16:08 - DB connected
2025-05-19 06:16:08 - Found 2 appointments
2025-05-19 06:16:08 - Response sent successfully
2025-05-19 06:16:37 - Script started
2025-05-19 06:16:37 - DB connected
2025-05-19 06:16:37 - Found 2 appointments
2025-05-19 06:16:37 - Response sent successfully
2025-05-19 16:45:41 - Script started
2025-05-19 16:45:41 - DB connected
2025-05-19 16:45:41 - Found 2 appointments
2025-05-19 16:45:41 - Response sent successfully
2025-05-19 16:51:35 - Script started
2025-05-19 16:51:35 - DB connected
2025-05-19 16:51:35 - Found 2 appointments
2025-05-19 16:51:35 - Response sent successfully
2025-05-19 16:51:58 - Script started
2025-05-19 16:51:58 - DB connected
2025-05-19 16:51:58 - Found 2 appointments
2025-05-19 16:51:58 - Response sent successfully
2025-05-19 16:52:53 - Script started
2025-05-19 16:52:53 - DB connected
2025-05-19 16:52:53 - Found 2 appointments
2025-05-19 16:52:53 - Response sent successfully
2025-05-19 16:53:38 - Script started
2025-05-19 16:53:38 - DB connected
2025-05-19 16:53:38 - Found 2 appointments
2025-05-19 16:53:38 - Response sent successfully
2025-05-19 16:53:52 - Script started
2025-05-19 16:53:52 - DB connected
2025-05-19 16:53:52 - Found 2 appointments
2025-05-19 16:53:52 - Response sent successfully
2025-05-19 16:54:39 - Script started
2025-05-19 16:54:39 - DB connected
2025-05-19 16:54:39 - Found 2 appointments
2025-05-19 16:54:39 - Response sent successfully
2025-05-19 16:54:48 - Script started
2025-05-19 16:54:48 - DB connected
2025-05-19 16:54:48 - Found 2 appointments
2025-05-19 16:54:48 - Response sent successfully
2025-05-19 17:05:49 - Script started
2025-05-19 17:05:49 - DB connected
2025-05-19 17:05:49 - Found 2 appointments
2025-05-19 17:05:49 - Response sent successfully
2025-05-19 17:05:51 - Script started
2025-05-19 17:05:51 - DB connected
2025-05-19 17:05:51 - Found 2 appointments
2025-05-19 17:05:51 - Response sent successfully
2025-05-19 17:06:00 - Script started
2025-05-19 17:06:00 - DB connected
2025-05-19 17:06:00 - Found 2 appointments
2025-05-19 17:06:00 - Response sent successfully
2025-05-19 17:06:08 - Script started
2025-05-19 17:06:08 - DB connected
2025-05-19 17:06:08 - Found 2 appointments
2025-05-19 17:06:08 - Response sent successfully
2025-05-19 17:06:20 - Script started
2025-05-19 17:06:20 - DB connected
2025-05-19 17:06:20 - Found 2 appointments
2025-05-19 17:06:20 - Response sent successfully
2025-05-19 17:06:40 - Script started
2025-05-19 17:06:40 - DB connected
2025-05-19 17:06:40 - Found 2 appointments
2025-05-19 17:06:40 - Response sent successfully
2025-05-19 17:06:47 - Script started
2025-05-19 17:06:47 - DB connected
2025-05-19 17:06:47 - Found 2 appointments
2025-05-19 17:06:47 - Response sent successfully
2025-05-19 17:07:07 - Script started
2025-05-19 17:07:07 - DB connected
2025-05-19 17:07:07 - Found 2 appointments
2025-05-19 17:07:07 - Response sent successfully
2025-05-19 17:41:55 - Script started
2025-05-19 17:41:55 - DB connected
2025-05-19 17:41:55 - Found 2 appointments
2025-05-19 17:41:55 - Response sent successfully
2025-05-19 18:07:29 - Script started
2025-05-19 18:07:29 - DB connected
2025-05-19 18:07:29 - Found 2 appointments
2025-05-19 18:07:29 - Response sent successfully
2025-05-19 18:30:57 - Script started
2025-05-19 18:30:57 - DB connected
2025-05-19 18:30:57 - Found 2 appointments
2025-05-19 18:30:57 - Response sent successfully
2025-05-19 18:38:36 - Script started
2025-05-19 18:38:36 - DB connected
2025-05-19 18:38:36 - Found 2 appointments
2025-05-19 18:38:36 - Response sent successfully
2025-05-19 18:50:09 - Script started
2025-05-19 18:50:09 - DB connected
2025-05-19 18:50:09 - Found 2 appointments
2025-05-19 18:50:09 - Response sent successfully
2025-05-19 18:50:34 - Script started
2025-05-19 18:50:34 - DB connected
2025-05-19 18:50:34 - Found 2 appointments
2025-05-19 18:50:34 - Response sent successfully
2025-05-19 18:51:23 - Script started
2025-05-19 18:51:23 - DB connected
2025-05-19 18:51:23 - Found 2 appointments
2025-05-19 18:51:23 - Response sent successfully
2025-05-19 19:00:41 - Script started
2025-05-19 19:00:41 - DB connected
2025-05-19 19:00:41 - Found 2 appointments
2025-05-19 19:00:41 - Response sent successfully
2025-05-19 19:00:51 - Script started
2025-05-19 19:00:51 - DB connected
2025-05-19 19:00:51 - Found 2 appointments
2025-05-19 19:00:51 - Response sent successfully
2025-05-19 19:01:00 - Script started
2025-05-19 19:01:00 - DB connected
2025-05-19 19:01:00 - Found 2 appointments
2025-05-19 19:01:00 - Response sent successfully
2025-05-19 19:06:30 - Script started
2025-05-19 19:06:30 - DB connected
2025-05-19 19:06:30 - Found 2 appointments
2025-05-19 19:06:30 - Response sent successfully
2025-05-19 19:06:50 - Script started
2025-05-19 19:06:50 - DB connected
2025-05-19 19:06:50 - Found 2 appointments
2025-05-19 19:06:50 - Response sent successfully
2025-05-19 19:10:34 - Script started
2025-05-19 19:10:34 - DB connected
2025-05-19 19:10:34 - Found 2 appointments
2025-05-19 19:10:34 - Response sent successfully
2025-05-19 19:10:47 - Script started
2025-05-19 19:10:47 - DB connected
2025-05-19 19:10:47 - Found 2 appointments
2025-05-19 19:10:47 - Response sent successfully
2025-05-19 19:10:53 - Script started
2025-05-19 19:10:53 - DB connected
2025-05-19 19:10:53 - Found 2 appointments
2025-05-19 19:10:53 - Response sent successfully
2025-05-19 19:10:54 - Script started
2025-05-19 19:10:54 - DB connected
2025-05-19 19:10:54 - Found 2 appointments
2025-05-19 19:10:54 - Response sent successfully
2025-05-19 19:10:59 - Script started
2025-05-19 19:10:59 - DB connected
2025-05-19 19:10:59 - Found 2 appointments
2025-05-19 19:10:59 - Response sent successfully
2025-05-19 19:11:04 - Script started
2025-05-19 19:11:04 - DB connected
2025-05-19 19:11:04 - Found 2 appointments
2025-05-19 19:11:04 - Response sent successfully
2025-05-19 19:11:19 - Script started
2025-05-19 19:11:19 - DB connected
2025-05-19 19:11:19 - Found 2 appointments
2025-05-19 19:11:19 - Response sent successfully
2025-05-19 19:13:20 - Script started
2025-05-19 19:13:20 - DB connected
2025-05-19 19:13:20 - Found 2 appointments
2025-05-19 19:13:20 - Response sent successfully
2025-05-19 19:13:25 - Script started
2025-05-19 19:13:25 - DB connected
2025-05-19 19:13:25 - Found 2 appointments
2025-05-19 19:13:25 - Response sent successfully
2025-05-19 19:13:44 - Script started
2025-05-19 19:13:44 - DB connected
2025-05-19 19:13:44 - Found 2 appointments
2025-05-19 19:13:44 - Response sent successfully
2025-05-19 19:16:51 - Script started
2025-05-19 19:16:51 - DB connected
2025-05-19 19:16:51 - Found 2 appointments
2025-05-19 19:16:51 - Response sent successfully
2025-05-19 19:16:56 - Script started
2025-05-19 19:16:56 - DB connected
2025-05-19 19:16:56 - Found 2 appointments
2025-05-19 19:16:56 - Response sent successfully
2025-05-19 19:16:57 - Script started
2025-05-19 19:16:57 - DB connected
2025-05-19 19:16:57 - Found 2 appointments
2025-05-19 19:16:57 - Response sent successfully
2025-05-19 19:17:08 - Script started
2025-05-19 19:17:08 - DB connected
2025-05-19 19:17:08 - Found 2 appointments
2025-05-19 19:17:08 - Response sent successfully
2025-05-19 19:17:10 - Script started
2025-05-19 19:17:10 - DB connected
2025-05-19 19:17:10 - Found 2 appointments
2025-05-19 19:17:10 - Response sent successfully
2025-05-19 19:17:11 - Script started
2025-05-19 19:17:11 - DB connected
2025-05-19 19:17:11 - Found 2 appointments
2025-05-19 19:17:11 - Response sent successfully
2025-05-19 19:17:11 - Script started
2025-05-19 19:17:11 - DB connected
2025-05-19 19:17:11 - Found 2 appointments
2025-05-19 19:17:11 - Response sent successfully
2025-05-19 19:17:12 - Script started
2025-05-19 19:17:12 - DB connected
2025-05-19 19:17:12 - Found 2 appointments
2025-05-19 19:17:12 - Response sent successfully
2025-05-19 19:18:10 - Script started
2025-05-19 19:18:10 - DB connected
2025-05-19 19:18:10 - Found 2 appointments
2025-05-19 19:18:10 - Response sent successfully
2025-05-19 19:18:13 - Script started
2025-05-19 19:18:13 - DB connected
2025-05-19 19:18:13 - Found 2 appointments
2025-05-19 19:18:13 - Response sent successfully
2025-05-19 19:18:20 - Script started
2025-05-19 19:18:20 - DB connected
2025-05-19 19:18:20 - Found 2 appointments
2025-05-19 19:18:20 - Response sent successfully
2025-05-19 19:18:36 - Script started
2025-05-19 19:18:36 - DB connected
2025-05-19 19:18:36 - Found 2 appointments
2025-05-19 19:18:36 - Response sent successfully
2025-05-19 19:18:37 - Script started
2025-05-19 19:18:37 - DB connected
2025-05-19 19:18:37 - Found 2 appointments
2025-05-19 19:18:37 - Response sent successfully
2025-05-19 19:18:38 - Script started
2025-05-19 19:18:38 - DB connected
2025-05-19 19:18:38 - Found 2 appointments
2025-05-19 19:18:38 - Response sent successfully
2025-05-19 19:18:38 - Script started
2025-05-19 19:18:38 - DB connected
2025-05-19 19:18:38 - Found 2 appointments
2025-05-19 19:18:38 - Response sent successfully
2025-05-19 19:18:45 - Script started
2025-05-19 19:18:45 - DB connected
2025-05-19 19:18:45 - Found 2 appointments
2025-05-19 19:18:45 - Response sent successfully
2025-05-19 19:21:56 - Script started
2025-05-19 19:21:56 - DB connected
2025-05-19 19:21:56 - Found 2 appointments
2025-05-19 19:21:56 - Response sent successfully
2025-05-19 19:23:04 - Script started
2025-05-19 19:23:04 - DB connected
2025-05-19 19:23:04 - Found 2 appointments
2025-05-19 19:23:04 - Response sent successfully
2025-05-19 19:23:47 - Script started
2025-05-19 19:23:47 - DB connected
2025-05-19 19:23:47 - Found 2 appointments
2025-05-19 19:23:47 - Response sent successfully
2025-05-19 19:23:49 - Script started
2025-05-19 19:23:49 - DB connected
2025-05-19 19:23:49 - Found 2 appointments
2025-05-19 19:23:49 - Response sent successfully
2025-05-19 19:23:55 - Script started
2025-05-19 19:23:55 - DB connected
2025-05-19 19:23:55 - Found 2 appointments
2025-05-19 19:23:55 - Response sent successfully
2025-05-19 19:24:42 - Script started
2025-05-19 19:24:42 - DB connected
2025-05-19 19:24:42 - Found 2 appointments
2025-05-19 19:24:42 - Response sent successfully
2025-05-19 19:24:44 - Script started
2025-05-19 19:24:44 - DB connected
2025-05-19 19:24:44 - Found 2 appointments
2025-05-19 19:24:44 - Response sent successfully
2025-05-19 19:25:26 - Script started
2025-05-19 19:25:26 - DB connected
2025-05-19 19:25:26 - Found 2 appointments
2025-05-19 19:25:26 - Response sent successfully
2025-05-19 19:25:50 - Script started
2025-05-19 19:25:50 - DB connected
2025-05-19 19:25:50 - Found 2 appointments
2025-05-19 19:25:50 - Response sent successfully
2025-05-19 19:25:52 - Script started
2025-05-19 19:25:52 - DB connected
2025-05-19 19:25:52 - Found 2 appointments
2025-05-19 19:25:52 - Response sent successfully
2025-05-19 19:26:16 - Script started
2025-05-19 19:26:16 - DB connected
2025-05-19 19:26:16 - Found 2 appointments
2025-05-19 19:26:16 - Response sent successfully
2025-05-19 19:26:18 - Script started
2025-05-19 19:26:18 - DB connected
2025-05-19 19:26:18 - Found 2 appointments
2025-05-19 19:26:18 - Response sent successfully
2025-05-19 19:26:18 - Script started
2025-05-19 19:26:18 - DB connected
2025-05-19 19:26:18 - Found 2 appointments
2025-05-19 19:26:18 - Response sent successfully
2025-05-19 19:29:10 - Script started
2025-05-19 19:29:10 - DB connected
2025-05-19 19:29:10 - Found 2 appointments
2025-05-19 19:29:10 - Response sent successfully
2025-05-19 19:29:12 - Script started
2025-05-19 19:29:12 - DB connected
2025-05-19 19:29:12 - Found 2 appointments
2025-05-19 19:29:12 - Response sent successfully
2025-05-19 19:29:22 - Script started
2025-05-19 19:29:22 - DB connected
2025-05-19 19:29:22 - Found 2 appointments
2025-05-19 19:29:22 - Response sent successfully
2025-05-19 19:29:24 - Script started
2025-05-19 19:29:24 - DB connected
2025-05-19 19:29:24 - Found 2 appointments
2025-05-19 19:29:24 - Response sent successfully
2025-05-19 19:30:01 - Script started
2025-05-19 19:30:01 - DB connected
2025-05-19 19:30:01 - Found 2 appointments
2025-05-19 19:30:01 - Response sent successfully
2025-05-19 19:30:08 - Script started
2025-05-19 19:30:08 - DB connected
2025-05-19 19:30:08 - Found 2 appointments
2025-05-19 19:30:08 - Response sent successfully
2025-05-19 19:34:20 - Script started
2025-05-19 19:34:20 - DB connected
2025-05-19 19:34:20 - Found 2 appointments
2025-05-19 19:34:20 - Response sent successfully
2025-05-19 19:34:26 - Script started
2025-05-19 19:34:26 - DB connected
2025-05-19 19:34:26 - Found 2 appointments
2025-05-19 19:34:26 - Response sent successfully
2025-05-19 19:34:30 - Script started
2025-05-19 19:34:30 - DB connected
2025-05-19 19:34:30 - Found 2 appointments
2025-05-19 19:34:30 - Response sent successfully
2025-05-19 19:35:30 - Script started
2025-05-19 19:35:30 - DB connected
2025-05-19 19:35:30 - Found 2 appointments
2025-05-19 19:35:30 - Response sent successfully
2025-05-19 19:35:36 - Script started
2025-05-19 19:35:36 - DB connected
2025-05-19 19:35:36 - Found 2 appointments
2025-05-19 19:35:36 - Response sent successfully
2025-05-19 19:39:01 - Script started
2025-05-19 19:39:01 - DB connected
2025-05-19 19:39:01 - Found 2 appointments
2025-05-19 19:39:01 - Response sent successfully
2025-05-19 19:39:15 - Script started
2025-05-19 19:39:15 - DB connected
2025-05-19 19:39:15 - Found 2 appointments
2025-05-19 19:39:15 - Response sent successfully
2025-05-19 19:40:29 - Script started
2025-05-19 19:40:29 - DB connected
2025-05-19 19:40:29 - Found 2 appointments
2025-05-19 19:40:29 - Response sent successfully
2025-05-19 19:41:30 - Script started
2025-05-19 19:41:30 - DB connected
2025-05-19 19:41:30 - Found 2 appointments
2025-05-19 19:41:30 - Response sent successfully
2025-05-19 19:41:57 - Script started
2025-05-19 19:41:57 - DB connected
2025-05-19 19:41:57 - Found 2 appointments
2025-05-19 19:41:57 - Response sent successfully
2025-05-19 19:42:24 - Script started
2025-05-19 19:42:24 - DB connected
2025-05-19 19:42:24 - Found 2 appointments
2025-05-19 19:42:24 - Response sent successfully
2025-05-19 19:43:19 - Script started
2025-05-19 19:43:19 - DB connected
2025-05-19 19:43:19 - Found 2 appointments
2025-05-19 19:43:19 - Response sent successfully
2025-05-19 19:43:49 - Script started
2025-05-19 19:43:49 - DB connected
2025-05-19 19:43:49 - Found 2 appointments
2025-05-19 19:43:49 - Response sent successfully
2025-05-19 19:43:52 - Script started
2025-05-19 19:43:52 - DB connected
2025-05-19 19:43:52 - Found 2 appointments
2025-05-19 19:43:52 - Response sent successfully
2025-05-19 19:43:56 - Script started
2025-05-19 19:43:56 - DB connected
2025-05-19 19:43:56 - Found 2 appointments
2025-05-19 19:43:56 - Response sent successfully
2025-05-19 19:44:18 - Script started
2025-05-19 19:44:18 - DB connected
2025-05-19 19:44:18 - Found 2 appointments
2025-05-19 19:44:18 - Response sent successfully
2025-05-19 19:44:51 - Script started
2025-05-19 19:44:51 - DB connected
2025-05-19 19:44:51 - Found 2 appointments
2025-05-19 19:44:51 - Response sent successfully
2025-05-19 19:45:02 - Script started
2025-05-19 19:45:02 - DB connected
2025-05-19 19:45:02 - Found 2 appointments
2025-05-19 19:45:02 - Response sent successfully
2025-05-19 19:47:02 - Script started
2025-05-19 19:47:02 - DB connected
2025-05-19 19:47:02 - Found 2 appointments
2025-05-19 19:47:02 - Response sent successfully
2025-05-19 19:47:16 - Script started
2025-05-19 19:47:16 - DB connected
2025-05-19 19:47:16 - Found 2 appointments
2025-05-19 19:47:16 - Response sent successfully
2025-05-19 19:47:45 - Script started
2025-05-19 19:47:45 - DB connected
2025-05-19 19:47:45 - Found 2 appointments
2025-05-19 19:47:45 - Response sent successfully
2025-05-19 19:51:08 - Script started
2025-05-19 19:51:08 - DB connected
2025-05-19 19:51:08 - Found 2 appointments
2025-05-19 19:51:08 - Response sent successfully
2025-05-19 19:51:23 - Script started
2025-05-19 19:51:23 - DB connected
2025-05-19 19:51:23 - Found 2 appointments
2025-05-19 19:51:23 - Response sent successfully
2025-05-19 19:52:15 - Script started
2025-05-19 19:52:15 - DB connected
2025-05-19 19:52:15 - Found 2 appointments
2025-05-19 19:52:15 - Response sent successfully
2025-05-19 19:52:19 - Script started
2025-05-19 19:52:19 - DB connected
2025-05-19 19:52:19 - Found 2 appointments
2025-05-19 19:52:19 - Response sent successfully
2025-05-19 19:56:36 - Script started
2025-05-19 19:56:36 - DB connected
2025-05-19 19:56:36 - Found 2 appointments
2025-05-19 19:56:36 - Response sent successfully
2025-05-19 19:56:44 - Script started
2025-05-19 19:56:44 - DB connected
2025-05-19 19:56:44 - Found 2 appointments
2025-05-19 19:56:44 - Response sent successfully
2025-05-19 19:56:58 - Script started
2025-05-19 19:56:58 - DB connected
2025-05-19 19:56:58 - Found 2 appointments
2025-05-19 19:56:58 - Response sent successfully
2025-05-19 19:57:15 - Script started
2025-05-19 19:57:15 - DB connected
2025-05-19 19:57:15 - Found 2 appointments
2025-05-19 19:57:15 - Response sent successfully
2025-05-19 19:57:34 - Script started
2025-05-19 19:57:34 - DB connected
2025-05-19 19:57:34 - Found 2 appointments
2025-05-19 19:57:34 - Response sent successfully
2025-05-19 19:58:03 - Script started
2025-05-19 19:58:03 - DB connected
2025-05-19 19:58:03 - Found 2 appointments
2025-05-19 19:58:03 - Response sent successfully
2025-05-19 19:58:14 - Script started
2025-05-19 19:58:14 - DB connected
2025-05-19 19:58:14 - Found 2 appointments
2025-05-19 19:58:14 - Response sent successfully
2025-05-19 19:58:53 - Script started
2025-05-19 19:58:53 - DB connected
2025-05-19 19:58:53 - Found 2 appointments
2025-05-19 19:58:53 - Response sent successfully
2025-05-19 19:59:38 - Script started
2025-05-19 19:59:38 - DB connected
2025-05-19 19:59:38 - Found 2 appointments
2025-05-19 19:59:38 - Response sent successfully
2025-05-19 19:59:53 - Script started
2025-05-19 19:59:53 - DB connected
2025-05-19 19:59:53 - Found 2 appointments
2025-05-19 19:59:53 - Response sent successfully
2025-05-20 00:40:15 - Script started
2025-05-20 00:40:15 - DB connected
2025-05-20 00:40:15 - Found 2 appointments
2025-05-20 00:40:15 - Response sent successfully
2025-05-20 00:57:53 - Script started
2025-05-20 00:57:53 - DB connected
2025-05-20 00:57:53 - Found 2 appointments
2025-05-20 00:57:53 - Response sent successfully
2025-05-20 01:13:48 - Script started
2025-05-20 01:13:48 - DB connected
2025-05-20 01:13:48 - Found 2 appointments
2025-05-20 01:13:48 - Response sent successfully
2025-05-20 01:14:06 - Script started
2025-05-20 01:14:06 - DB connected
2025-05-20 01:14:06 - Found 2 appointments
2025-05-20 01:14:06 - Response sent successfully
2025-05-20 02:03:55 - Script started
2025-05-20 02:03:55 - DB connected
2025-05-20 02:03:55 - Found 2 appointments
2025-05-20 02:03:55 - Response sent successfully
2025-05-20 02:08:57 - Script started
2025-05-20 02:08:57 - DB connected
2025-05-20 02:08:57 - Found 2 appointments
2025-05-20 02:08:57 - Response sent successfully
2025-05-20 02:10:50 - Script started
2025-05-20 02:10:50 - DB connected
2025-05-20 02:10:50 - Found 2 appointments
2025-05-20 02:10:50 - Response sent successfully
2025-05-20 02:13:11 - Script started
2025-05-20 02:13:11 - DB connected
2025-05-20 02:13:11 - Found 2 appointments
2025-05-20 02:13:11 - Response sent successfully
2025-05-20 02:13:37 - Script started
2025-05-20 02:13:37 - DB connected
2025-05-20 02:13:37 - Found 2 appointments
2025-05-20 02:13:37 - Response sent successfully
2025-05-20 02:14:04 - Script started
2025-05-20 02:14:04 - DB connected
2025-05-20 02:14:04 - Found 2 appointments
2025-05-20 02:14:04 - Response sent successfully
2025-05-20 02:14:27 - Script started
2025-05-20 02:14:27 - DB connected
2025-05-20 02:14:27 - Found 2 appointments
2025-05-20 02:14:27 - Response sent successfully
2025-05-20 02:15:54 - Script started
2025-05-20 02:15:54 - DB connected
2025-05-20 02:15:54 - Found 2 appointments
2025-05-20 02:15:54 - Response sent successfully
2025-05-20 02:15:56 - Script started
2025-05-20 02:15:56 - DB connected
2025-05-20 02:15:56 - Found 2 appointments
2025-05-20 02:15:56 - Response sent successfully
2025-05-20 02:16:07 - Script started
2025-05-20 02:16:07 - DB connected
2025-05-20 02:16:07 - Found 2 appointments
2025-05-20 02:16:07 - Response sent successfully
2025-05-20 02:16:57 - Script started
2025-05-20 02:16:57 - DB connected
2025-05-20 02:16:57 - Found 2 appointments
2025-05-20 02:16:57 - Response sent successfully
2025-05-20 02:16:59 - Script started
2025-05-20 02:16:59 - DB connected
2025-05-20 02:16:59 - Found 2 appointments
2025-05-20 02:16:59 - Response sent successfully
2025-05-20 02:17:11 - Script started
2025-05-20 02:17:11 - DB connected
2025-05-20 02:17:11 - Found 2 appointments
2025-05-20 02:17:11 - Response sent successfully
2025-05-20 02:25:26 - Script started
2025-05-20 02:25:26 - DB connected
2025-05-20 02:25:26 - Found 2 appointments
2025-05-20 02:25:26 - Response sent successfully
2025-05-20 02:25:28 - Script started
2025-05-20 02:25:28 - DB connected
2025-05-20 02:25:28 - Found 2 appointments
2025-05-20 02:25:28 - Response sent successfully
2025-05-20 02:29:29 - Script started
2025-05-20 02:29:29 - DB connected
2025-05-20 02:29:29 - Found 2 appointments
2025-05-20 02:29:29 - Response sent successfully
2025-05-20 02:29:41 - Script started
2025-05-20 02:29:41 - DB connected
2025-05-20 02:29:41 - Found 2 appointments
2025-05-20 02:29:41 - Response sent successfully
2025-05-20 02:35:45 - Script started
2025-05-20 02:35:45 - DB connected
2025-05-20 02:35:45 - Found 2 appointments
2025-05-20 02:35:45 - Response sent successfully
2025-05-20 02:35:46 - Script started
2025-05-20 02:35:46 - DB connected
2025-05-20 02:35:46 - Found 2 appointments
2025-05-20 02:35:46 - Response sent successfully
2025-05-20 02:36:25 - Script started
2025-05-20 02:36:25 - DB connected
2025-05-20 02:36:25 - Found 2 appointments
2025-05-20 02:36:25 - Response sent successfully
2025-05-20 02:36:33 - Script started
2025-05-20 02:36:33 - DB connected
2025-05-20 02:36:33 - Found 2 appointments
2025-05-20 02:36:33 - Response sent successfully
2025-05-20 02:37:36 - Script started
2025-05-20 02:37:36 - DB connected
2025-05-20 02:37:36 - Found 2 appointments
2025-05-20 02:37:36 - Response sent successfully
2025-05-20 02:38:16 - Script started
2025-05-20 02:38:16 - DB connected
2025-05-20 02:38:16 - Found 2 appointments
2025-05-20 02:38:16 - Response sent successfully
2025-05-20 02:38:36 - Script started
2025-05-20 02:38:36 - DB connected
2025-05-20 02:38:36 - Found 2 appointments
2025-05-20 02:38:36 - Response sent successfully
2025-05-20 02:38:42 - Script started
2025-05-20 02:38:42 - DB connected
2025-05-20 02:38:42 - Found 2 appointments
2025-05-20 02:38:42 - Response sent successfully
2025-05-20 02:38:44 - Script started
2025-05-20 02:38:44 - DB connected
2025-05-20 02:38:44 - Found 2 appointments
2025-05-20 02:38:44 - Response sent successfully
2025-05-20 02:38:45 - Script started
2025-05-20 02:38:45 - DB connected
2025-05-20 02:38:45 - Found 2 appointments
2025-05-20 02:38:45 - Response sent successfully
2025-05-20 02:38:46 - Script started
2025-05-20 02:38:46 - DB connected
2025-05-20 02:38:46 - Found 2 appointments
2025-05-20 02:38:46 - Response sent successfully
2025-05-20 02:42:30 - Script started
2025-05-20 02:42:30 - DB connected
2025-05-20 02:42:30 - Found 2 appointments
2025-05-20 02:42:30 - Response sent successfully
2025-05-20 02:45:37 - Script started
2025-05-20 02:45:37 - DB connected
2025-05-20 02:45:37 - Found 2 appointments
2025-05-20 02:45:37 - Response sent successfully
2025-05-20 02:46:21 - Script started
2025-05-20 02:46:21 - DB connected
2025-05-20 02:46:21 - Found 2 appointments
2025-05-20 02:46:21 - Response sent successfully
2025-05-20 02:46:24 - Script started
2025-05-20 02:46:24 - DB connected
2025-05-20 02:46:24 - Found 2 appointments
2025-05-20 02:46:24 - Response sent successfully
2025-05-20 02:46:39 - Script started
2025-05-20 02:46:39 - DB connected
2025-05-20 02:46:39 - Found 2 appointments
2025-05-20 02:46:39 - Response sent successfully
2025-05-20 02:48:24 - Script started
2025-05-20 02:48:24 - DB connected
2025-05-20 02:48:24 - Found 2 appointments
2025-05-20 02:48:24 - Response sent successfully
2025-05-20 02:48:28 - Script started
2025-05-20 02:48:28 - DB connected
2025-05-20 02:48:28 - Found 2 appointments
2025-05-20 02:48:28 - Response sent successfully
2025-05-20 02:48:30 - Script started
2025-05-20 02:48:30 - DB connected
2025-05-20 02:48:30 - Found 2 appointments
2025-05-20 02:48:30 - Response sent successfully
2025-05-20 02:48:30 - Script started
2025-05-20 02:48:30 - DB connected
2025-05-20 02:48:30 - Found 2 appointments
2025-05-20 02:48:30 - Response sent successfully
2025-05-20 02:49:18 - Script started
2025-05-20 02:49:18 - DB connected
2025-05-20 02:49:18 - Found 2 appointments
2025-05-20 02:49:18 - Response sent successfully
2025-05-20 02:49:28 - Script started
2025-05-20 02:49:28 - DB connected
2025-05-20 02:49:28 - Found 2 appointments
2025-05-20 02:49:28 - Response sent successfully
2025-05-20 02:49:37 - Script started
2025-05-20 02:49:37 - DB connected
2025-05-20 02:49:37 - Found 2 appointments
2025-05-20 02:49:37 - Response sent successfully
2025-05-20 02:50:31 - Script started
2025-05-20 02:50:31 - DB connected
2025-05-20 02:50:31 - Found 2 appointments
2025-05-20 02:50:31 - Response sent successfully
2025-05-20 03:00:39 - Script started
2025-05-20 03:00:39 - DB connected
2025-05-20 03:00:39 - Found 2 appointments
2025-05-20 03:00:39 - Response sent successfully
2025-05-20 03:31:39 - Script started
2025-05-20 03:31:39 - DB connected
2025-05-20 03:31:39 - Found 2 appointments
2025-05-20 03:31:39 - Response sent successfully
2025-05-20 03:53:23 - Script started
2025-05-20 03:53:23 - DB connected
2025-05-20 03:53:23 - Found 2 appointments
2025-05-20 03:53:23 - Response sent successfully
2025-05-20 03:53:58 - Script started
2025-05-20 03:53:58 - DB connected
2025-05-20 03:53:58 - Found 2 appointments
2025-05-20 03:53:58 - Response sent successfully
2025-05-20 03:54:28 - Script started
2025-05-20 03:54:28 - DB connected
2025-05-20 03:54:28 - Found 2 appointments
2025-05-20 03:54:28 - Response sent successfully
2025-05-20 03:55:05 - Script started
2025-05-20 03:55:05 - DB connected
2025-05-20 03:55:05 - Found 2 appointments
2025-05-20 03:55:05 - Response sent successfully
2025-05-20 03:55:05 - Script started
2025-05-20 03:55:05 - DB connected
2025-05-20 03:55:05 - Found 2 appointments
2025-05-20 03:55:05 - Response sent successfully
2025-05-20 03:55:05 - Script started
2025-05-20 03:55:05 - DB connected
2025-05-20 03:55:05 - Found 2 appointments
2025-05-20 03:55:05 - Response sent successfully
2025-05-20 04:03:30 - Script started
2025-05-20 04:03:30 - DB connected
2025-05-20 04:03:30 - Found 2 appointments
2025-05-20 04:03:30 - Response sent successfully
2025-05-20 04:42:39 - Script started
2025-05-20 04:42:39 - DB connected
2025-05-20 04:42:39 - Found 2 appointments
2025-05-20 04:42:39 - Response sent successfully
2025-05-20 04:48:12 - Script started
2025-05-20 04:48:12 - DB connected
2025-05-20 04:48:12 - Found 2 appointments
2025-05-20 04:48:12 - Response sent successfully
2025-05-20 04:48:18 - Script started
2025-05-20 04:48:18 - DB connected
2025-05-20 04:48:18 - Found 2 appointments
2025-05-20 04:48:18 - Response sent successfully
2025-09-30 08:59:00 - Script started
2025-09-30 08:59:00 - DB connected
2025-09-30 08:59:00 - Found 0 appointments
2025-09-30 08:59:00 - Response sent successfully
2025-09-30 09:00:16 - Script started
2025-09-30 09:00:16 - DB connected
2025-09-30 09:00:16 - Found 0 appointments
2025-09-30 09:00:16 - Response sent successfully
2025-09-30 09:00:25 - Script started
2025-09-30 09:00:25 - DB connected
2025-09-30 09:00:25 - Found 0 appointments
2025-09-30 09:00:25 - Response sent successfully
2025-09-30 09:00:32 - Script started
2025-09-30 09:00:32 - DB connected
2025-09-30 09:00:32 - Found 0 appointments
2025-09-30 09:00:32 - Response sent successfully
2025-09-30 09:11:43 - Script started
2025-09-30 09:11:43 - DB connected
2025-09-30 09:11:43 - Found 0 appointments
2025-09-30 09:11:43 - Response sent successfully
2025-09-30 09:11:52 - Script started
2025-09-30 09:11:52 - DB connected
2025-09-30 09:11:52 - Found 0 appointments
2025-09-30 09:11:52 - Response sent successfully
2025-09-30 09:12:02 - Script started
2025-09-30 09:12:02 - DB connected
2025-09-30 09:12:02 - Found 0 appointments
2025-09-30 09:12:02 - Response sent successfully
2025-09-30 09:12:14 - Script started
2025-09-30 09:12:14 - DB connected
2025-09-30 09:12:14 - Found 0 appointments
2025-09-30 09:12:14 - Response sent successfully
2025-09-30 09:13:07 - Script started
2025-09-30 09:13:07 - DB connected
2025-09-30 09:13:07 - Found 0 appointments
2025-09-30 09:13:07 - Response sent successfully
2025-09-30 10:16:38 - Script started
2025-09-30 10:16:38 - DB connected
2025-09-30 10:16:38 - Found 0 appointments
2025-09-30 10:16:38 - Response sent successfully
2025-09-30 10:16:50 - Script started
2025-09-30 10:16:50 - DB connected
2025-09-30 10:16:50 - Found 0 appointments
2025-09-30 10:16:50 - Response sent successfully
2025-09-30 10:17:22 - Script started
2025-09-30 10:17:22 - DB connected
2025-09-30 10:17:22 - Found 0 appointments
2025-09-30 10:17:22 - Response sent successfully
2025-09-30 10:17:34 - Script started
2025-09-30 10:17:34 - DB connected
2025-09-30 10:17:34 - Found 0 appointments
2025-09-30 10:17:34 - Response sent successfully
2025-09-30 10:17:46 - Script started
2025-09-30 10:17:46 - DB connected
2025-09-30 10:17:46 - Found 0 appointments
2025-09-30 10:17:46 - Response sent successfully
2025-10-01 09:40:04 - Script started
2025-10-01 09:40:04 - DB connected
2025-10-01 09:40:04 - Found 0 appointments
2025-10-01 09:40:04 - Response sent successfully
2025-10-01 09:41:03 - Script started
2025-10-01 09:41:03 - DB connected
2025-10-01 09:41:03 - Found 0 appointments
2025-10-01 09:41:03 - Response sent successfully
2025-10-01 09:43:23 - Script started
2025-10-01 09:43:23 - DB connected
2025-10-01 09:43:23 - Found 0 appointments
2025-10-01 09:43:23 - Response sent successfully
2025-10-01 09:46:00 - Script started
2025-10-01 09:46:00 - DB connected
2025-10-01 09:46:00 - Found 0 appointments
2025-10-01 09:46:00 - Response sent successfully
2025-10-01 10:10:15 - Script started
2025-10-01 10:10:15 - DB connected
2025-10-01 10:10:15 - Found 0 appointments
2025-10-01 10:10:15 - Response sent successfully
2025-10-01 10:11:47 - Script started
2025-10-01 10:11:47 - DB connected
2025-10-01 10:11:47 - Found 0 appointments
2025-10-01 10:11:47 - Response sent successfully
2025-10-02 13:44:50 - Script started
2025-10-02 13:44:50 - DB connected
2025-10-02 13:44:50 - Found 0 appointments
2025-10-02 13:44:50 - Response sent successfully
2025-10-02 13:46:04 - Script started
2025-10-02 13:46:04 - DB connected
2025-10-02 13:46:04 - Found 0 appointments
2025-10-02 13:46:04 - Response sent successfully
2025-10-02 13:58:17 - Script started
2025-10-02 13:58:17 - DB connected
2025-10-02 13:58:17 - Found 0 appointments
2025-10-02 13:58:17 - Response sent successfully
2025-10-02 14:04:52 - Script started
2025-10-02 14:04:52 - DB connected
2025-10-02 14:04:52 - Found 0 appointments
2025-10-02 14:04:52 - Response sent successfully
2025-10-02 14:21:28 - Script started
2025-10-02 14:21:28 - DB connected
2025-10-02 14:21:28 - Found 0 appointments
2025-10-02 14:21:28 - Response sent successfully
2025-10-02 14:21:40 - Script started
2025-10-02 14:21:40 - DB connected
2025-10-02 14:21:40 - Found 0 appointments
2025-10-02 14:21:40 - Response sent successfully
2025-10-02 14:23:43 - Script started
2025-10-02 14:23:43 - DB connected
2025-10-02 14:23:43 - Found 0 appointments
2025-10-02 14:23:43 - Response sent successfully
2025-10-02 14:24:35 - Script started
2025-10-02 14:24:35 - DB connected
2025-10-02 14:24:35 - Found 0 appointments
2025-10-02 14:24:35 - Response sent successfully
2025-10-02 14:34:11 - Script started
2025-10-02 14:34:11 - DB connected
2025-10-02 14:34:11 - Found 0 appointments
2025-10-02 14:34:11 - Response sent successfully
2025-10-02 14:35:21 - Script started
2025-10-02 14:35:21 - DB connected
2025-10-02 14:35:21 - Found 0 appointments
2025-10-02 14:35:21 - Response sent successfully
2025-10-02 14:38:46 - Script started
2025-10-02 14:38:46 - DB connected
2025-10-02 14:38:46 - Found 0 appointments
2025-10-02 14:38:46 - Response sent successfully
2025-10-02 14:41:11 - Script started
2025-10-02 14:41:11 - DB connected
2025-10-02 14:41:11 - Found 0 appointments
2025-10-02 14:41:11 - Response sent successfully
2025-10-02 14:45:48 - Script started
2025-10-02 14:45:48 - DB connected
2025-10-02 14:45:48 - Found 0 appointments
2025-10-02 14:45:48 - Response sent successfully
2025-10-02 14:49:31 - Script started
2025-10-02 14:49:31 - DB connected
2025-10-02 14:49:32 - Found 0 appointments
2025-10-02 14:49:32 - Response sent successfully
2025-10-02 14:49:53 - Script started
2025-10-02 14:49:53 - DB connected
2025-10-02 14:49:53 - Found 0 appointments
2025-10-02 14:49:53 - Response sent successfully
2025-10-02 14:50:02 - Script started
2025-10-02 14:50:02 - DB connected
2025-10-02 14:50:02 - Found 0 appointments
2025-10-02 14:50:02 - Response sent successfully
2025-10-02 14:50:58 - Script started
2025-10-02 14:50:58 - DB connected
2025-10-02 14:50:58 - Found 0 appointments
2025-10-02 14:50:58 - Response sent successfully
2025-10-02 14:51:10 - Script started
2025-10-02 14:51:10 - DB connected
2025-10-02 14:51:10 - Found 0 appointments
2025-10-02 14:51:10 - Response sent successfully
2025-10-02 14:58:34 - Script started
2025-10-02 14:58:34 - DB connected
2025-10-02 14:58:34 - Found 0 appointments
2025-10-02 14:58:34 - Response sent successfully
2025-10-02 14:58:38 - Script started
2025-10-02 14:58:38 - DB connected
2025-10-02 14:58:38 - Found 0 appointments
2025-10-02 14:58:38 - Response sent successfully
2025-10-02 15:04:52 - Script started
2025-10-02 15:04:52 - DB connected
2025-10-02 15:04:52 - Found 0 appointments
2025-10-02 15:04:52 - Response sent successfully
2025-10-02 15:05:06 - Script started
2025-10-02 15:05:06 - DB connected
2025-10-02 15:05:06 - Found 0 appointments
2025-10-02 15:05:06 - Response sent successfully
2025-10-02 15:05:33 - Script started
2025-10-02 15:05:33 - DB connected
2025-10-02 15:05:33 - Found 0 appointments
2025-10-02 15:05:33 - Response sent successfully
2025-10-02 15:06:39 - Script started
2025-10-02 15:06:39 - DB connected
2025-10-02 15:06:39 - Found 0 appointments
2025-10-02 15:06:39 - Response sent successfully
2025-10-02 15:07:30 - Script started
2025-10-02 15:07:30 - DB connected
2025-10-02 15:07:30 - Found 0 appointments
2025-10-02 15:07:30 - Response sent successfully
2025-10-02 15:07:38 - Script started
2025-10-02 15:07:38 - DB connected
2025-10-02 15:07:38 - Found 0 appointments
2025-10-02 15:07:38 - Response sent successfully
2025-10-02 15:08:21 - Script started
2025-10-02 15:08:21 - DB connected
2025-10-02 15:08:21 - Found 0 appointments
2025-10-02 15:08:21 - Response sent successfully
2025-10-02 15:08:24 - Script started
2025-10-02 15:08:24 - DB connected
2025-10-02 15:08:24 - Found 0 appointments
2025-10-02 15:08:24 - Response sent successfully
2025-10-02 15:08:51 - Script started
2025-10-02 15:08:51 - DB connected
2025-10-02 15:08:51 - Found 0 appointments
2025-10-02 15:08:51 - Response sent successfully
2025-10-02 15:08:53 - Script started
2025-10-02 15:08:53 - DB connected
2025-10-02 15:08:53 - Found 0 appointments
2025-10-02 15:08:53 - Response sent successfully
2025-10-02 15:10:03 - Script started
2025-10-02 15:10:05 - DB connected
2025-10-02 15:10:05 - Found 0 appointments
2025-10-02 15:10:05 - Response sent successfully
2025-10-02 15:10:07 - Script started
2025-10-02 15:10:07 - DB connected
2025-10-02 15:10:07 - Found 0 appointments
2025-10-02 15:10:07 - Response sent successfully
2025-10-02 15:10:52 - Script started
2025-10-02 15:10:52 - DB connected
2025-10-02 15:10:52 - Found 0 appointments
2025-10-02 15:10:52 - Response sent successfully
2025-10-02 15:11:22 - Script started
2025-10-02 15:11:22 - DB connected
2025-10-02 15:11:22 - Found 0 appointments
2025-10-02 15:11:22 - Response sent successfully
2025-10-02 15:11:33 - Script started
2025-10-02 15:11:33 - DB connected
2025-10-02 15:11:33 - Found 0 appointments
2025-10-02 15:11:33 - Response sent successfully
2025-10-02 15:11:44 - Script started
2025-10-02 15:11:44 - DB connected
2025-10-02 15:11:44 - Found 0 appointments
2025-10-02 15:11:44 - Response sent successfully
2025-10-02 15:12:07 - Script started
2025-10-02 15:12:07 - DB connected
2025-10-02 15:12:07 - Found 0 appointments
2025-10-02 15:12:07 - Response sent successfully
2025-10-02 15:13:25 - Script started
2025-10-02 15:13:25 - DB connected
2025-10-02 15:13:25 - Found 0 appointments
2025-10-02 15:13:25 - Response sent successfully
2025-10-02 15:13:27 - Script started
2025-10-02 15:13:27 - DB connected
2025-10-02 15:13:27 - Found 0 appointments
2025-10-02 15:13:27 - Response sent successfully
2025-10-02 15:15:07 - Script started
2025-10-02 15:15:07 - DB connected
2025-10-02 15:15:07 - Found 0 appointments
2025-10-02 15:15:07 - Response sent successfully
2025-10-02 15:15:11 - Script started
2025-10-02 15:15:11 - DB connected
2025-10-02 15:15:11 - Found 0 appointments
2025-10-02 15:15:11 - Response sent successfully
2025-10-02 15:15:18 - Script started
2025-10-02 15:15:18 - DB connected
2025-10-02 15:15:18 - Found 0 appointments
2025-10-02 15:15:18 - Response sent successfully
2025-10-02 15:16:53 - Script started
2025-10-02 15:16:53 - DB connected
2025-10-02 15:16:53 - Found 0 appointments
2025-10-02 15:16:53 - Response sent successfully
2025-10-02 15:17:40 - Script started
2025-10-02 15:17:40 - DB connected
2025-10-02 15:17:40 - Found 0 appointments
2025-10-02 15:17:40 - Response sent successfully
2025-10-02 15:17:51 - Script started
2025-10-02 15:17:51 - DB connected
2025-10-02 15:17:51 - Found 0 appointments
2025-10-02 15:17:51 - Response sent successfully
2025-10-02 15:17:54 - Script started
2025-10-02 15:17:54 - DB connected
2025-10-02 15:17:54 - Found 0 appointments
2025-10-02 15:17:54 - Response sent successfully
2025-10-02 15:18:59 - Script started
2025-10-02 15:18:59 - DB connected
2025-10-02 15:18:59 - Found 0 appointments
2025-10-02 15:18:59 - Response sent successfully
2025-10-02 15:19:02 - Script started
2025-10-02 15:19:02 - DB connected
2025-10-02 15:19:02 - Found 0 appointments
2025-10-02 15:19:02 - Response sent successfully
2025-10-02 15:19:23 - Script started
2025-10-02 15:19:23 - DB connected
2025-10-02 15:19:23 - Found 0 appointments
2025-10-02 15:19:23 - Response sent successfully
2025-10-02 15:19:45 - Script started
2025-10-02 15:19:45 - DB connected
2025-10-02 15:19:45 - Found 0 appointments
2025-10-02 15:19:45 - Response sent successfully
2025-10-02 15:19:55 - Script started
2025-10-02 15:19:55 - DB connected
2025-10-02 15:19:55 - Found 0 appointments
2025-10-02 15:19:55 - Response sent successfully
2025-10-02 15:20:16 - Script started
2025-10-02 15:20:16 - DB connected
2025-10-02 15:20:16 - Found 0 appointments
2025-10-02 15:20:16 - Response sent successfully
2025-10-02 15:20:21 - Script started
2025-10-02 15:20:21 - DB connected
2025-10-02 15:20:21 - Found 0 appointments
2025-10-02 15:20:21 - Response sent successfully
2025-10-02 15:20:40 - Script started
2025-10-02 15:20:40 - DB connected
2025-10-02 15:20:40 - Found 0 appointments
2025-10-02 15:20:40 - Response sent successfully
2025-10-02 15:20:57 - Script started
2025-10-02 15:20:57 - DB connected
2025-10-02 15:20:57 - Found 0 appointments
2025-10-02 15:20:57 - Response sent successfully
2025-10-02 15:21:14 - Script started
2025-10-02 15:21:14 - DB connected
2025-10-02 15:21:14 - Found 0 appointments
2025-10-02 15:21:14 - Response sent successfully
2025-10-02 15:21:20 - Script started
2025-10-02 15:21:20 - DB connected
2025-10-02 15:21:20 - Found 0 appointments
2025-10-02 15:21:20 - Response sent successfully
2025-10-02 15:21:24 - Script started
2025-10-02 15:21:24 - DB connected
2025-10-02 15:21:24 - Found 0 appointments
2025-10-02 15:21:24 - Response sent successfully
2025-10-02 15:21:31 - Script started
2025-10-02 15:21:31 - DB connected
2025-10-02 15:21:31 - Found 0 appointments
2025-10-02 15:21:31 - Response sent successfully
2025-10-02 15:21:37 - Script started
2025-10-02 15:21:37 - DB connected
2025-10-02 15:21:37 - Found 0 appointments
2025-10-02 15:21:37 - Response sent successfully
2025-10-02 15:21:46 - Script started
2025-10-02 15:21:46 - DB connected
2025-10-02 15:21:46 - Found 0 appointments
2025-10-02 15:21:46 - Response sent successfully
2025-10-02 15:22:01 - Script started
2025-10-02 15:22:01 - DB connected
2025-10-02 15:22:01 - Found 0 appointments
2025-10-02 15:22:01 - Response sent successfully
2025-10-02 15:22:18 - Script started
2025-10-02 15:22:18 - DB connected
2025-10-02 15:22:18 - Found 0 appointments
2025-10-02 15:22:18 - Response sent successfully
2025-10-02 15:22:27 - Script started
2025-10-02 15:22:27 - DB connected
2025-10-02 15:22:27 - Found 0 appointments
2025-10-02 15:22:27 - Response sent successfully
2025-10-02 15:22:43 - Script started
2025-10-02 15:22:43 - DB connected
2025-10-02 15:22:43 - Found 0 appointments
2025-10-02 15:22:43 - Response sent successfully
2025-10-02 15:22:50 - Script started
2025-10-02 15:22:50 - DB connected
2025-10-02 15:22:50 - Found 0 appointments
2025-10-02 15:22:50 - Response sent successfully
2025-10-02 15:27:15 - Script started
2025-10-02 15:27:15 - DB connected
2025-10-02 15:27:15 - Found 0 appointments
2025-10-02 15:27:15 - Response sent successfully
2025-10-02 15:31:52 - Script started
2025-10-02 15:31:52 - DB connected
2025-10-02 15:31:52 - Found 0 appointments
2025-10-02 15:31:52 - Response sent successfully
2025-10-02 15:32:26 - Script started
2025-10-02 15:32:26 - DB connected
2025-10-02 15:32:26 - Found 0 appointments
2025-10-02 15:32:26 - Response sent successfully
2025-10-02 15:32:29 - Script started
2025-10-02 15:32:29 - DB connected
2025-10-02 15:32:29 - Found 0 appointments
2025-10-02 15:32:29 - Response sent successfully
2025-10-02 15:45:53 - Script started
2025-10-02 15:45:53 - DB connected
2025-10-02 15:45:53 - Found 0 appointments
2025-10-02 15:45:53 - Response sent successfully
2025-10-02 15:46:00 - Script started
2025-10-02 15:46:00 - DB connected
2025-10-02 15:46:00 - Found 0 appointments
2025-10-02 15:46:00 - Response sent successfully
2025-10-02 15:46:07 - Script started
2025-10-02 15:46:07 - DB connected
2025-10-02 15:46:07 - Found 0 appointments
2025-10-02 15:46:07 - Response sent successfully
2025-10-02 15:50:28 - Script started
2025-10-02 15:50:28 - DB connected
2025-10-02 15:50:28 - Found 0 appointments
2025-10-02 15:50:28 - Response sent successfully
2025-10-02 15:50:32 - Script started
2025-10-02 15:50:32 - DB connected
2025-10-02 15:50:32 - Found 0 appointments
2025-10-02 15:50:32 - Response sent successfully
2025-10-02 15:51:08 - Script started
2025-10-02 15:51:08 - DB connected
2025-10-02 15:51:08 - Found 0 appointments
2025-10-02 15:51:08 - Response sent successfully
2025-10-02 15:51:12 - Script started
2025-10-02 15:51:12 - DB connected
2025-10-02 15:51:12 - Found 0 appointments
2025-10-02 15:51:12 - Response sent successfully
2025-10-02 15:51:40 - Script started
2025-10-02 15:51:40 - DB connected
2025-10-02 15:51:40 - Found 0 appointments
2025-10-02 15:51:40 - Response sent successfully
2025-10-02 15:51:52 - Script started
2025-10-02 15:51:52 - DB connected
2025-10-02 15:51:52 - Found 0 appointments
2025-10-02 15:51:52 - Response sent successfully
2025-10-02 15:51:56 - Script started
2025-10-02 15:51:56 - DB connected
2025-10-02 15:51:56 - Found 0 appointments
2025-10-02 15:51:56 - Response sent successfully
2025-10-02 15:55:16 - Script started
2025-10-02 15:55:16 - DB connected
2025-10-02 15:55:16 - Found 0 appointments
2025-10-02 15:55:16 - Response sent successfully
2025-10-02 15:55:26 - Script started
2025-10-02 15:55:26 - DB connected
2025-10-02 15:55:26 - Found 0 appointments
2025-10-02 15:55:26 - Response sent successfully
2025-10-02 15:56:44 - Script started
2025-10-02 15:56:44 - DB connected
2025-10-02 15:56:44 - Found 0 appointments
2025-10-02 15:56:44 - Response sent successfully
2025-10-02 15:56:54 - Script started
2025-10-02 15:56:54 - DB connected
2025-10-02 15:56:54 - Found 0 appointments
2025-10-02 15:56:54 - Response sent successfully
2025-10-02 15:56:58 - Script started
2025-10-02 15:56:58 - DB connected
2025-10-02 15:56:58 - Found 0 appointments
2025-10-02 15:56:58 - Response sent successfully
2025-10-03 12:16:19 - Script started
2025-10-03 12:16:19 - DB connected
2025-10-03 12:16:19 - Found 0 appointments
2025-10-03 12:16:19 - Response sent successfully
2025-10-03 12:22:12 - Script started
2025-10-03 12:22:12 - DB connected
2025-10-03 12:22:12 - Found 0 appointments
2025-10-03 12:22:12 - Response sent successfully
2025-10-03 12:23:04 - Script started
2025-10-03 12:23:04 - DB connected
2025-10-03 12:23:04 - Found 0 appointments
2025-10-03 12:23:04 - Response sent successfully
2025-10-03 12:38:37 - Script started
2025-10-03 12:38:37 - DB connected
2025-10-03 12:38:37 - Found 0 appointments
2025-10-03 12:38:37 - Response sent successfully
2025-10-03 12:40:09 - Script started
2025-10-03 12:40:09 - DB connected
2025-10-03 12:40:09 - Found 0 appointments
2025-10-03 12:40:09 - Response sent successfully
2025-10-03 12:40:13 - Script started
2025-10-03 12:40:13 - DB connected
2025-10-03 12:40:13 - Found 0 appointments
2025-10-03 12:40:13 - Response sent successfully
2025-10-03 12:40:28 - Script started
2025-10-03 12:40:28 - DB connected
2025-10-03 12:40:28 - Found 0 appointments
2025-10-03 12:40:28 - Response sent successfully
2025-10-03 12:40:39 - Script started
2025-10-03 12:40:39 - DB connected
2025-10-03 12:40:39 - Found 0 appointments
2025-10-03 12:40:39 - Response sent successfully
2025-10-03 12:40:46 - Script started
2025-10-03 12:40:46 - DB connected
2025-10-03 12:40:46 - Found 0 appointments
2025-10-03 12:40:46 - Response sent successfully
2025-10-03 12:40:52 - Script started
2025-10-03 12:40:52 - DB connected
2025-10-03 12:40:52 - Found 0 appointments
2025-10-03 12:40:52 - Response sent successfully
2025-10-03 12:41:00 - Script started
2025-10-03 12:41:00 - DB connected
2025-10-03 12:41:00 - Found 0 appointments
2025-10-03 12:41:00 - Response sent successfully
2025-10-03 12:45:05 - Script started
2025-10-03 12:45:05 - DB connected
2025-10-03 12:45:05 - Found 0 appointments
2025-10-03 12:45:05 - Response sent successfully
2025-10-03 12:45:15 - Script started
2025-10-03 12:45:15 - DB connected
2025-10-03 12:45:15 - Found 0 appointments
2025-10-03 12:45:15 - Response sent successfully
2025-10-03 12:45:26 - Script started
2025-10-03 12:45:26 - DB connected
2025-10-03 12:45:26 - Found 0 appointments
2025-10-03 12:45:26 - Response sent successfully
2025-10-03 12:56:03 - Script started
2025-10-03 12:56:03 - DB connected
2025-10-03 12:56:03 - Found 0 appointments
2025-10-03 12:56:03 - Response sent successfully
2025-10-03 12:56:06 - Script started
2025-10-03 12:56:06 - DB connected
2025-10-03 12:56:06 - Found 0 appointments
2025-10-03 12:56:06 - Response sent successfully
2025-10-03 12:56:09 - Script started
2025-10-03 12:56:09 - DB connected
2025-10-03 12:56:09 - Found 0 appointments
2025-10-03 12:56:09 - Response sent successfully
2025-10-03 12:56:11 - Script started
2025-10-03 12:56:11 - DB connected
2025-10-03 12:56:11 - Found 0 appointments
2025-10-03 12:56:11 - Response sent successfully
2025-10-03 12:56:16 - Script started
2025-10-03 12:56:16 - DB connected
2025-10-03 12:56:16 - Found 0 appointments
2025-10-03 12:56:16 - Response sent successfully
2025-10-03 12:56:18 - Script started
2025-10-03 12:56:18 - DB connected
2025-10-03 12:56:18 - Found 0 appointments
2025-10-03 12:56:18 - Response sent successfully
2025-10-03 12:57:44 - Script started
2025-10-03 12:57:44 - DB connected
2025-10-03 12:57:44 - Found 0 appointments
2025-10-03 12:57:44 - Response sent successfully
2025-10-03 12:57:46 - Script started
2025-10-03 12:57:46 - DB connected
2025-10-03 12:57:46 - Found 0 appointments
2025-10-03 12:57:46 - Response sent successfully
2025-10-03 13:01:40 - Script started
2025-10-03 13:01:40 - DB connected
2025-10-03 13:01:40 - Found 0 appointments
2025-10-03 13:01:40 - Response sent successfully
2025-10-03 13:01:46 - Script started
2025-10-03 13:01:46 - DB connected
2025-10-03 13:01:46 - Found 0 appointments
2025-10-03 13:01:46 - Response sent successfully
2025-10-03 13:01:50 - Script started
2025-10-03 13:01:50 - DB connected
2025-10-03 13:01:50 - Found 0 appointments
2025-10-03 13:01:50 - Response sent successfully
2025-10-03 13:04:14 - Script started
2025-10-03 13:04:14 - DB connected
2025-10-03 13:04:14 - Found 0 appointments
2025-10-03 13:04:14 - Response sent successfully
2025-10-03 13:08:35 - Script started
2025-10-03 13:08:35 - DB connected
2025-10-03 13:08:35 - Found 0 appointments
2025-10-03 13:08:35 - Response sent successfully
2025-10-03 13:08:39 - Script started
2025-10-03 13:08:39 - DB connected
2025-10-03 13:08:39 - Found 0 appointments
2025-10-03 13:08:39 - Response sent successfully
2025-10-03 13:08:47 - Script started
2025-10-03 13:08:47 - DB connected
2025-10-03 13:08:47 - Found 0 appointments
2025-10-03 13:08:47 - Response sent successfully
2025-10-03 13:08:50 - Script started
2025-10-03 13:08:50 - DB connected
2025-10-03 13:08:50 - Found 0 appointments
2025-10-03 13:08:50 - Response sent successfully
2025-10-03 13:08:54 - Script started
2025-10-03 13:08:54 - DB connected
2025-10-03 13:08:54 - Found 0 appointments
2025-10-03 13:08:54 - Response sent successfully
2025-10-03 13:10:59 - Script started
2025-10-03 13:10:59 - DB connected
2025-10-03 13:10:59 - Found 0 appointments
2025-10-03 13:10:59 - Response sent successfully
2025-10-03 13:15:19 - Script started
2025-10-03 13:15:19 - DB connected
2025-10-03 13:15:19 - Found 0 appointments
2025-10-03 13:15:19 - Response sent successfully
2025-10-03 13:16:16 - Script started
2025-10-03 13:16:16 - DB connected
2025-10-03 13:16:16 - Found 0 appointments
2025-10-03 13:16:16 - Response sent successfully
2025-10-03 13:16:22 - Script started
2025-10-03 13:16:22 - DB connected
2025-10-03 13:16:22 - Found 0 appointments
2025-10-03 13:16:22 - Response sent successfully
2025-10-03 13:16:34 - Script started
2025-10-03 13:16:34 - DB connected
2025-10-03 13:16:34 - Found 0 appointments
2025-10-03 13:16:34 - Response sent successfully
2025-10-03 13:44:17 - Script started
2025-10-03 13:44:17 - DB connected
2025-10-03 13:44:17 - Found 0 appointments
2025-10-03 13:44:17 - Response sent successfully
2025-10-03 13:59:39 - Script started
2025-10-03 13:59:39 - DB connected
2025-10-03 13:59:39 - Found 0 appointments
2025-10-03 13:59:39 - Response sent successfully
2025-10-03 14:18:42 - Script started
2025-10-03 14:18:42 - DB connected
2025-10-03 14:18:42 - Found 0 appointments
2025-10-03 14:18:42 - Response sent successfully
2025-10-03 14:18:50 - Script started
2025-10-03 14:18:50 - DB connected
2025-10-03 14:18:50 - Found 0 appointments
2025-10-03 14:18:50 - Response sent successfully
2025-10-03 14:18:54 - Script started
2025-10-03 14:18:54 - DB connected
2025-10-03 14:18:54 - Found 0 appointments
2025-10-03 14:18:54 - Response sent successfully
2025-10-03 14:20:08 - Script started
2025-10-03 14:20:08 - DB connected
2025-10-03 14:20:08 - Found 0 appointments
2025-10-03 14:20:08 - Response sent successfully
2025-10-03 15:39:05 - Script started
2025-10-03 15:39:05 - DB connected
2025-10-03 15:39:05 - Found 0 appointments
2025-10-03 15:39:05 - Response sent successfully
2025-10-03 15:39:18 - Script started
2025-10-03 15:39:19 - DB connected
2025-10-03 15:39:19 - Found 0 appointments
2025-10-03 15:39:19 - Response sent successfully
2025-10-03 15:40:57 - Script started
2025-10-03 15:40:57 - DB connected
2025-10-03 15:40:57 - Found 0 appointments
2025-10-03 15:40:57 - Response sent successfully
2025-10-03 15:41:04 - Script started
2025-10-03 15:41:04 - DB connected
2025-10-03 15:41:04 - Found 0 appointments
2025-10-03 15:41:04 - Response sent successfully
2025-10-03 15:46:02 - Script started
2025-10-03 15:46:02 - DB connected
2025-10-03 15:46:02 - Found 0 appointments
2025-10-03 15:46:02 - Response sent successfully
2025-10-03 16:25:30 - Script started
2025-10-03 16:25:30 - DB connected
2025-10-03 16:25:30 - Found 0 appointments
2025-10-03 16:25:30 - Response sent successfully
2025-10-03 16:27:37 - Script started
2025-10-03 16:27:37 - DB connected
2025-10-03 16:27:37 - Found 0 appointments
2025-10-03 16:27:37 - Response sent successfully
2025-10-03 16:28:41 - Script started
2025-10-03 16:28:41 - DB connected
2025-10-03 16:28:41 - Found 0 appointments
2025-10-03 16:28:41 - Response sent successfully
2025-10-03 16:33:07 - Script started
2025-10-03 16:33:07 - DB connected
2025-10-03 16:33:07 - Found 0 appointments
2025-10-03 16:33:07 - Response sent successfully
2025-10-03 16:33:19 - Script started
2025-10-03 16:33:19 - DB connected
2025-10-03 16:33:19 - Found 0 appointments
2025-10-03 16:33:19 - Response sent successfully
2025-10-03 16:36:45 - Script started
2025-10-03 16:36:45 - DB connected
2025-10-03 16:36:45 - Found 0 appointments
2025-10-03 16:36:45 - Response sent successfully
2025-10-04 15:31:30 - Script started
2025-10-04 15:31:30 - DB connected
2025-10-04 15:31:30 - Found 0 appointments
2025-10-04 15:31:30 - Response sent successfully
2025-10-04 15:32:30 - Script started
2025-10-04 15:32:30 - DB connected
2025-10-04 15:32:30 - Found 0 appointments
2025-10-04 15:32:30 - Response sent successfully
2025-10-04 15:33:53 - Script started
2025-10-04 15:33:53 - DB connected
2025-10-04 15:33:53 - Found 0 appointments
2025-10-04 15:33:53 - Response sent successfully
2025-10-04 15:34:27 - Script started
2025-10-04 15:34:27 - DB connected
2025-10-04 15:34:27 - Found 0 appointments
2025-10-04 15:34:27 - Response sent successfully
2025-10-04 15:34:40 - Script started
2025-10-04 15:34:40 - DB connected
2025-10-04 15:34:40 - Found 0 appointments
2025-10-04 15:34:40 - Response sent successfully
2025-10-04 15:36:17 - Script started
2025-10-04 15:36:17 - DB connected
2025-10-04 15:36:17 - Found 0 appointments
2025-10-04 15:36:17 - Response sent successfully
2025-10-04 15:36:30 - Script started
2025-10-04 15:36:30 - DB connected
2025-10-04 15:36:30 - Found 0 appointments
2025-10-04 15:36:30 - Response sent successfully
2025-10-04 15:37:35 - Script started
2025-10-04 15:37:35 - DB connected
2025-10-04 15:37:35 - Found 0 appointments
2025-10-04 15:37:35 - Response sent successfully
2025-10-04 15:38:17 - Script started
2025-10-04 15:38:17 - DB connected
2025-10-04 15:38:17 - Found 0 appointments
2025-10-04 15:38:17 - Response sent successfully
2025-10-04 15:38:40 - Script started
2025-10-04 15:38:40 - DB connected
2025-10-04 15:38:40 - Found 0 appointments
2025-10-04 15:38:40 - Response sent successfully
2025-10-04 15:42:49 - Script started
2025-10-04 15:42:49 - DB connected
2025-10-04 15:42:49 - Found 0 appointments
2025-10-04 15:42:49 - Response sent successfully
2025-10-04 15:44:06 - Script started
2025-10-04 15:44:06 - DB connected
2025-10-04 15:44:06 - Found 0 appointments
2025-10-04 15:44:06 - Response sent successfully
2025-10-04 15:49:04 - Script started
2025-10-04 15:49:04 - DB connected
2025-10-04 15:49:04 - Found 0 appointments
2025-10-04 15:49:04 - Response sent successfully
2025-10-04 15:50:18 - Script started
2025-10-04 15:50:18 - DB connected
2025-10-04 15:50:18 - Found 0 appointments
2025-10-04 15:50:18 - Response sent successfully
2025-10-04 15:50:42 - Script started
2025-10-04 15:50:42 - DB connected
2025-10-04 15:50:42 - Found 0 appointments
2025-10-04 15:50:42 - Response sent successfully
2025-10-04 15:50:59 - Script started
2025-10-04 15:50:59 - DB connected
2025-10-04 15:50:59 - Found 0 appointments
2025-10-04 15:50:59 - Response sent successfully
2025-10-04 15:51:07 - Script started
2025-10-04 15:51:07 - DB connected
2025-10-04 15:51:07 - Found 0 appointments
2025-10-04 15:51:07 - Response sent successfully
2025-10-04 15:51:09 - Script started
2025-10-04 15:51:09 - DB connected
2025-10-04 15:51:09 - Found 0 appointments
2025-10-04 15:51:09 - Response sent successfully
2025-10-04 15:51:18 - Script started
2025-10-04 15:51:18 - DB connected
2025-10-04 15:51:18 - Found 0 appointments
2025-10-04 15:51:18 - Response sent successfully
2025-10-04 15:54:42 - Script started
2025-10-04 15:54:42 - DB connected
2025-10-04 15:54:42 - Found 0 appointments
2025-10-04 15:54:42 - Response sent successfully
2025-10-04 15:55:35 - Script started
2025-10-04 15:55:35 - DB connected
2025-10-04 15:55:35 - Found 0 appointments
2025-10-04 15:55:35 - Response sent successfully
2025-10-04 15:56:47 - Script started
2025-10-04 15:56:47 - DB connected
2025-10-04 15:56:47 - Found 0 appointments
2025-10-04 15:56:47 - Response sent successfully
2025-10-04 15:58:13 - Script started
2025-10-04 15:58:13 - DB connected
2025-10-04 15:58:13 - Found 0 appointments
2025-10-04 15:58:13 - Response sent successfully
2025-10-04 15:58:16 - Script started
2025-10-04 15:58:16 - DB connected
2025-10-04 15:58:16 - Found 0 appointments
2025-10-04 15:58:16 - Response sent successfully
2025-10-04 15:59:58 - Script started
2025-10-04 15:59:58 - DB connected
2025-10-04 15:59:58 - Found 0 appointments
2025-10-04 15:59:58 - Response sent successfully
2025-10-04 16:00:01 - Script started
2025-10-04 16:00:01 - DB connected
2025-10-04 16:00:01 - Found 0 appointments
2025-10-04 16:00:01 - Response sent successfully
2025-10-04 16:00:09 - Script started
2025-10-04 16:00:09 - DB connected
2025-10-04 16:00:09 - Found 0 appointments
2025-10-04 16:00:09 - Response sent successfully
2025-10-04 16:00:11 - Script started
2025-10-04 16:00:11 - DB connected
2025-10-04 16:00:11 - Found 0 appointments
2025-10-04 16:00:11 - Response sent successfully
2025-10-04 16:01:02 - Script started
2025-10-04 16:01:02 - DB connected
2025-10-04 16:01:02 - Found 0 appointments
2025-10-04 16:01:02 - Response sent successfully
2025-10-04 16:02:13 - Script started
2025-10-04 16:02:13 - DB connected
2025-10-04 16:02:13 - Found 0 appointments
2025-10-04 16:02:13 - Response sent successfully
2025-10-04 16:02:59 - Script started
2025-10-04 16:02:59 - DB connected
2025-10-04 16:02:59 - Found 0 appointments
2025-10-04 16:02:59 - Response sent successfully
2025-10-04 16:05:25 - Script started
2025-10-04 16:05:25 - DB connected
2025-10-04 16:05:25 - Found 0 appointments
2025-10-04 16:05:25 - Response sent successfully
2025-10-04 16:09:17 - Script started
2025-10-04 16:09:17 - DB connected
2025-10-04 16:09:17 - Found 0 appointments
2025-10-04 16:09:17 - Response sent successfully
2025-10-04 16:11:09 - Script started
2025-10-04 16:11:09 - DB connected
2025-10-04 16:11:09 - Found 0 appointments
2025-10-04 16:11:09 - Response sent successfully
2025-10-04 16:15:14 - Script started
2025-10-04 16:15:14 - DB connected
2025-10-04 16:15:14 - Found 0 appointments
2025-10-04 16:15:14 - Response sent successfully
2025-10-04 16:15:28 - Script started
2025-10-04 16:15:28 - DB connected
2025-10-04 16:15:28 - Found 0 appointments
2025-10-04 16:15:28 - Response sent successfully
2025-10-04 16:17:19 - Script started
2025-10-04 16:17:19 - DB connected
2025-10-04 16:17:19 - Found 0 appointments
2025-10-04 16:17:19 - Response sent successfully
2025-10-04 16:20:20 - Script started
2025-10-04 16:20:20 - DB connected
2025-10-04 16:20:20 - Found 0 appointments
2025-10-04 16:20:20 - Response sent successfully
2025-10-04 16:20:27 - Script started
2025-10-04 16:20:27 - DB connected
2025-10-04 16:20:27 - Found 0 appointments
2025-10-04 16:20:27 - Response sent successfully
2025-10-04 16:21:18 - Script started
2025-10-04 16:21:18 - DB connected
2025-10-04 16:21:18 - Found 0 appointments
2025-10-04 16:21:18 - Response sent successfully
2025-10-04 16:21:28 - Script started
2025-10-04 16:21:28 - DB connected
2025-10-04 16:21:28 - Found 0 appointments
2025-10-04 16:21:28 - Response sent successfully
2025-10-04 16:22:53 - Script started
2025-10-04 16:22:53 - DB connected
2025-10-04 16:22:53 - Found 0 appointments
2025-10-04 16:22:53 - Response sent successfully
2025-10-04 16:22:55 - Script started
2025-10-04 16:22:55 - DB connected
2025-10-04 16:22:55 - Found 0 appointments
2025-10-04 16:22:55 - Response sent successfully
2025-10-04 16:28:59 - Script started
2025-10-04 16:28:59 - DB connected
2025-10-04 16:28:59 - Found 0 appointments
2025-10-04 16:28:59 - Response sent successfully
2025-10-04 16:30:12 - Script started
2025-10-04 16:30:12 - DB connected
2025-10-04 16:30:12 - Found 0 appointments
2025-10-04 16:30:12 - Response sent successfully
2025-10-04 16:30:40 - Script started
2025-10-04 16:30:40 - DB connected
2025-10-04 16:30:40 - Found 0 appointments
2025-10-04 16:30:40 - Response sent successfully
2025-10-04 16:30:46 - Script started
2025-10-04 16:30:46 - DB connected
2025-10-04 16:30:46 - Found 0 appointments
2025-10-04 16:30:46 - Response sent successfully
2025-10-04 16:31:16 - Script started
2025-10-04 16:31:16 - DB connected
2025-10-04 16:31:16 - Found 0 appointments
2025-10-04 16:31:16 - Response sent successfully
2025-10-04 16:31:47 - Script started
2025-10-04 16:31:47 - DB connected
2025-10-04 16:31:47 - Found 0 appointments
2025-10-04 16:31:47 - Response sent successfully
2025-10-04 16:32:00 - Script started
2025-10-04 16:32:00 - DB connected
2025-10-04 16:32:00 - Found 0 appointments
2025-10-04 16:32:00 - Response sent successfully
2025-10-04 16:32:31 - Script started
2025-10-04 16:32:31 - DB connected
2025-10-04 16:32:31 - Found 0 appointments
2025-10-04 16:32:31 - Response sent successfully
2025-10-04 16:33:06 - Script started
2025-10-04 16:33:06 - DB connected
2025-10-04 16:33:06 - Found 0 appointments
2025-10-04 16:33:06 - Response sent successfully
2025-10-04 16:34:46 - Script started
2025-10-04 16:34:46 - DB connected
2025-10-04 16:34:46 - Found 0 appointments
2025-10-04 16:34:46 - Response sent successfully
2025-10-04 16:34:48 - Script started
2025-10-04 16:34:48 - DB connected
2025-10-04 16:34:48 - Found 0 appointments
2025-10-04 16:34:48 - Response sent successfully
2025-10-04 16:35:22 - Script started
2025-10-04 16:35:22 - DB connected
2025-10-04 16:35:22 - Found 0 appointments
2025-10-04 16:35:22 - Response sent successfully
2025-10-04 16:35:28 - Script started
2025-10-04 16:35:28 - DB connected
2025-10-04 16:35:28 - Found 0 appointments
2025-10-04 16:35:28 - Response sent successfully
2025-10-04 16:35:30 - Script started
2025-10-04 16:35:30 - DB connected
2025-10-04 16:35:30 - Found 0 appointments
2025-10-04 16:35:30 - Response sent successfully
2025-10-04 16:35:33 - Script started
2025-10-04 16:35:33 - DB connected
2025-10-04 16:35:33 - Found 0 appointments
2025-10-04 16:35:33 - Response sent successfully
2025-10-04 16:35:35 - Script started
2025-10-04 16:35:36 - DB connected
2025-10-04 16:35:36 - Found 0 appointments
2025-10-04 16:35:36 - Response sent successfully
2025-10-04 16:35:39 - Script started
2025-10-04 16:35:39 - DB connected
2025-10-04 16:35:39 - Found 0 appointments
2025-10-04 16:35:39 - Response sent successfully
2025-10-04 16:35:41 - Script started
2025-10-04 16:35:41 - DB connected
2025-10-04 16:35:41 - Found 0 appointments
2025-10-04 16:35:41 - Response sent successfully
2025-10-04 16:35:43 - Script started
2025-10-04 16:35:43 - DB connected
2025-10-04 16:35:43 - Found 0 appointments
2025-10-04 16:35:43 - Response sent successfully
2025-10-04 16:38:57 - Script started
2025-10-04 16:38:57 - DB connected
2025-10-04 16:38:57 - Found 0 appointments
2025-10-04 16:38:57 - Response sent successfully
2025-10-04 16:40:40 - Script started
2025-10-04 16:40:40 - DB connected
2025-10-04 16:40:40 - Found 0 appointments
2025-10-04 16:40:40 - Response sent successfully
2025-10-04 16:44:27 - Script started
2025-10-04 16:44:28 - DB connected
2025-10-04 16:44:28 - Found 0 appointments
2025-10-04 16:44:28 - Response sent successfully
2025-10-04 16:44:34 - Script started
2025-10-04 16:44:34 - DB connected
2025-10-04 16:44:34 - Found 0 appointments
2025-10-04 16:44:34 - Response sent successfully
2025-10-04 16:45:31 - Script started
2025-10-04 16:45:31 - DB connected
2025-10-04 16:45:31 - Found 0 appointments
2025-10-04 16:45:31 - Response sent successfully
2025-10-04 16:45:43 - Script started
2025-10-04 16:45:43 - DB connected
2025-10-04 16:45:43 - Found 0 appointments
2025-10-04 16:45:43 - Response sent successfully
2025-10-04 16:45:52 - Script started
2025-10-04 16:45:52 - DB connected
2025-10-04 16:45:52 - Found 0 appointments
2025-10-04 16:45:52 - Response sent successfully
2025-10-04 16:47:03 - Script started
2025-10-04 16:47:03 - DB connected
2025-10-04 16:47:03 - Found 0 appointments
2025-10-04 16:47:03 - Response sent successfully
2025-10-04 16:47:32 - Script started
2025-10-04 16:47:32 - DB connected
2025-10-04 16:47:32 - Found 0 appointments
2025-10-04 16:47:32 - Response sent successfully
2025-10-04 16:52:50 - Script started
2025-10-04 16:52:50 - DB connected
2025-10-04 16:52:50 - Found 0 appointments
2025-10-04 16:52:50 - Response sent successfully
2025-10-04 16:52:52 - Script started
2025-10-04 16:52:52 - DB connected
2025-10-04 16:52:52 - Found 0 appointments
2025-10-04 16:52:52 - Response sent successfully
2025-10-04 17:52:58 - Script started
2025-10-04 17:52:58 - DB connected
2025-10-04 17:52:58 - Found 0 appointments
2025-10-04 17:52:58 - Response sent successfully
2025-10-04 17:55:26 - Script started
2025-10-04 17:55:26 - DB connected
2025-10-04 17:55:26 - Found 0 appointments
2025-10-04 17:55:26 - Response sent successfully
2025-10-04 17:58:44 - Script started
2025-10-04 17:58:44 - DB connected
2025-10-04 17:58:44 - Found 0 appointments
2025-10-04 17:58:44 - Response sent successfully
2025-10-04 17:59:20 - Script started
2025-10-04 17:59:20 - DB connected
2025-10-04 17:59:20 - Found 0 appointments
2025-10-04 17:59:20 - Response sent successfully
2025-10-04 18:01:51 - Script started
2025-10-04 18:01:51 - DB connected
2025-10-04 18:01:51 - Found 0 appointments
2025-10-04 18:01:51 - Response sent successfully
2025-10-04 18:02:30 - Script started
2025-10-04 18:02:30 - DB connected
2025-10-04 18:02:30 - Found 0 appointments
2025-10-04 18:02:30 - Response sent successfully
2025-10-04 18:02:44 - Script started
2025-10-04 18:02:44 - DB connected
2025-10-04 18:02:44 - Found 0 appointments
2025-10-04 18:02:44 - Response sent successfully
2025-10-04 18:03:18 - Script started
2025-10-04 18:03:18 - DB connected
2025-10-04 18:03:18 - Found 0 appointments
2025-10-04 18:03:18 - Response sent successfully
2025-10-04 18:03:54 - Script started
2025-10-04 18:03:54 - DB connected
2025-10-04 18:03:54 - Found 0 appointments
2025-10-04 18:03:54 - Response sent successfully
2025-10-04 18:04:14 - Script started
2025-10-04 18:04:14 - DB connected
2025-10-04 18:04:14 - Found 0 appointments
2025-10-04 18:04:14 - Response sent successfully
2025-10-04 18:10:57 - Script started
2025-10-04 18:10:57 - DB connected
2025-10-04 18:10:57 - Found 0 appointments
2025-10-04 18:10:57 - Response sent successfully
2025-10-05 04:03:20 - Script started
2025-10-05 04:03:20 - DB connected
2025-10-05 04:03:20 - Found 0 appointments
2025-10-05 04:03:20 - Response sent successfully
2025-10-05 14:23:19 - Script started
2025-10-05 14:23:19 - DB connected
2025-10-05 14:23:19 - Found 2 appointments
2025-10-05 14:23:19 - Response sent successfully
2025-10-05 14:23:33 - Script started
2025-10-05 14:23:33 - DB connected
2025-10-05 14:23:33 - Found 2 appointments
2025-10-05 14:23:33 - Response sent successfully
2025-10-05 14:26:38 - Script started
2025-10-05 14:26:38 - DB connected
2025-10-05 14:26:38 - Found 2 appointments
2025-10-05 14:26:38 - Response sent successfully
2025-10-05 14:28:32 - Script started
2025-10-05 14:28:32 - DB connected
2025-10-05 14:28:32 - Found 2 appointments
2025-10-05 14:28:32 - Response sent successfully
2025-10-05 14:29:38 - Script started
2025-10-05 14:29:38 - DB connected
2025-10-05 14:29:38 - Found 2 appointments
2025-10-05 14:29:38 - Response sent successfully
2025-10-05 14:32:48 - Script started
2025-10-05 14:32:48 - DB connected
2025-10-05 14:32:48 - Found 2 appointments
2025-10-05 14:32:48 - Response sent successfully
2025-10-09 06:36:23 - Script started
2025-10-09 06:36:23 - DB connected
2025-10-09 06:36:23 - Found 2 appointments
2025-10-09 06:36:23 - Response sent successfully
2025-10-09 06:37:29 - Script started
2025-10-09 06:37:29 - DB connected
2025-10-09 06:37:29 - Found 2 appointments
2025-10-09 06:37:29 - Response sent successfully
2025-10-09 06:56:28 - Script started
2025-10-09 06:56:28 - DB connected
2025-10-09 06:56:28 - Found 2 appointments
2025-10-09 06:56:28 - Response sent successfully
2025-10-09 07:03:00 - Script started
2025-10-09 07:03:00 - DB connected
2025-10-09 07:03:00 - Found 2 appointments
2025-10-09 07:03:00 - Response sent successfully
2025-10-09 07:11:38 - Script started
2025-10-09 07:11:38 - DB connected
2025-10-09 07:11:38 - Found 2 appointments
2025-10-09 07:11:38 - Response sent successfully
2025-10-09 07:12:03 - Script started
2025-10-09 07:12:03 - DB connected
2025-10-09 07:12:03 - Found 2 appointments
2025-10-09 07:12:03 - Response sent successfully
2025-10-09 07:13:35 - Script started
2025-10-09 07:13:35 - DB connected
2025-10-09 07:13:35 - Found 2 appointments
2025-10-09 07:13:35 - Response sent successfully
2025-10-09 07:14:48 - Script started
2025-10-09 07:14:48 - DB connected
2025-10-09 07:14:48 - Found 2 appointments
2025-10-09 07:14:48 - Response sent successfully
2025-10-09 07:21:47 - Script started
2025-10-09 07:21:47 - DB connected
2025-10-09 07:21:47 - Found 2 appointments
2025-10-09 07:21:47 - Response sent successfully
2025-10-09 07:26:56 - Script started
2025-10-09 07:26:56 - DB connected
2025-10-09 07:26:56 - Found 2 appointments
2025-10-09 07:26:56 - Response sent successfully
2025-10-09 07:27:30 - Script started
2025-10-09 07:27:30 - DB connected
2025-10-09 07:27:30 - Found 2 appointments
2025-10-09 07:27:30 - Response sent successfully
2025-10-09 08:03:57 - Script started
2025-10-09 08:03:57 - DB connected
2025-10-09 08:03:57 - Found 2 appointments
2025-10-09 08:03:57 - Response sent successfully
